// Jest Snapshot v1, https://goo.gl/fbAQLP

exports[`default testing for server should response with 200 on / 1`] = `"/"`;
